// Jest Snapshot v1, https://goo.gl/fbAQLP

exports[`App component renders as expected 1`] = `
Object {
  "asFragment": [Function],
  "baseElement": <body>
    <div>
      <div
        class="App"
      >
        <nav
          class="Nav"
        >
          <a
            aria-current="page"
            class="Link AppLogo active"
            href="/"
          >
            <img
              alt=""
              class="MenuIcon"
              src="menu.svg"
            />
          </a>
          <p
            class="AppName"
          >
            League
          </p>
          <button
            class="searchBtn"
            type="button"
          >
            <i
              class="fa fa-search"
            />
          </button>
          <ul
            class="NavItems"
          />
        </nav>
        <main
          class="Main"
        >
          <div
            class="PageContainer"
          >
            <div>
              <input
                class="filterInput"
                type="text"
              />
            </div>
            <ul
              class="ListContainer"
            >
              <li>
                 
                <div
                  class="CardContainer"
                  role="navigation"
                >
                  <div
                    class="LeagueImage"
                    style="background-image: url(undefined);"
                  />
                  <p
                    class="LeagueName"
                  >
                    English PL
                  </p>
                </div>
                 
              </li>
            </ul>
          </div>
        </main>
        <footer
          class="FooterContainer"
        >
          <div>
            <p
              class="CopyRightText"
            >
              © 2023
            </p>
          </div>
        </footer>
      </div>
    </div>
  </body>,
  "container": <div>
    <div
      class="App"
    >
      <nav
        class="Nav"
      >
        <a
          aria-current="page"
          class="Link AppLogo active"
          href="/"
        >
          <img
            alt=""
            class="MenuIcon"
            src="menu.svg"
          />
        </a>
        <p
          class="AppName"
        >
          League
        </p>
        <button
          class="searchBtn"
          type="button"
        >
          <i
            class="fa fa-search"
          />
        </button>
        <ul
          class="NavItems"
        />
      </nav>
      <main
        class="Main"
      >
        <div
          class="PageContainer"
        >
          <div>
            <input
              class="filterInput"
              type="text"
            />
          </div>
          <ul
            class="ListContainer"
          >
            <li>
               
              <div
                class="CardContainer"
                role="navigation"
              >
                <div
                  class="LeagueImage"
                  style="background-image: url(undefined);"
                />
                <p
                  class="LeagueName"
                >
                  English PL
                </p>
              </div>
               
            </li>
          </ul>
        </div>
      </main>
      <footer
        class="FooterContainer"
      >
        <div>
          <p
            class="CopyRightText"
          >
            © 2023
          </p>
        </div>
      </footer>
    </div>
  </div>,
  "debug": [Function],
  "findAllByAltText": [Function],
  "findAllByDisplayValue": [Function],
  "findAllByLabelText": [Function],
  "findAllByPlaceholderText": [Function],
  "findAllByRole": [Function],
  "findAllByTestId": [Function],
  "findAllByText": [Function],
  "findAllByTitle": [Function],
  "findByAltText": [Function],
  "findByDisplayValue": [Function],
  "findByLabelText": [Function],
  "findByPlaceholderText": [Function],
  "findByRole": [Function],
  "findByTestId": [Function],
  "findByText": [Function],
  "findByTitle": [Function],
  "getAllByAltText": [Function],
  "getAllByDisplayValue": [Function],
  "getAllByLabelText": [Function],
  "getAllByPlaceholderText": [Function],
  "getAllByRole": [Function],
  "getAllByTestId": [Function],
  "getAllByText": [Function],
  "getAllByTitle": [Function],
  "getByAltText": [Function],
  "getByDisplayValue": [Function],
  "getByLabelText": [Function],
  "getByPlaceholderText": [Function],
  "getByRole": [Function],
  "getByTestId": [Function],
  "getByText": [Function],
  "getByTitle": [Function],
  "queryAllByAltText": [Function],
  "queryAllByDisplayValue": [Function],
  "queryAllByLabelText": [Function],
  "queryAllByPlaceholderText": [Function],
  "queryAllByRole": [Function],
  "queryAllByTestId": [Function],
  "queryAllByText": [Function],
  "queryAllByTitle": [Function],
  "queryByAltText": [Function],
  "queryByDisplayValue": [Function],
  "queryByLabelText": [Function],
  "queryByPlaceholderText": [Function],
  "queryByRole": [Function],
  "queryByTestId": [Function],
  "queryByText": [Function],
  "queryByTitle": [Function],
  "rerender": [Function],
  "unmount": [Function],
}
`;
